
=================================================================
  Fetching SPY daily OHLCV  [2015-01-01 -> today]
=================================================================
  OK  2,891 trading days  |  2015-01-02 -> 2026-07-02

  Return statistics (x100.0):
    Obs   : 2,890
    Mean  : +0.0511 %/day
    Std   : 1.1140 %/day
    Min   : -11.5886  (raw -11.59%)
    Max   : 9.9863  (raw 9.99%)
    Skew  : -0.5751
    Kurt  : 14.4408  (fat tails)

-----------------------------------------------------------------
  Fitting GARCH(1,1)  [symmetric, normal dist]
-----------------------------------------------------------------

  Fitted parameters:
    omega (w)   = 0.041279  <- long-run variance floor
    alpha       = 0.173582  <- shock sensitivity (ARCH term)
    beta        = 0.792294  <- variance persistence (GARCH term)
    alpha+beta  = 0.965875  <- moderate persistence

    AIC = 7466.97  |  BIC = 7490.85  |  Log-Lik = -3729.49

-----------------------------------------------------------------
  Fitting EGARCH(1,1)  -- Normal distribution
-----------------------------------------------------------------

-----------------------------------------------------------------
  Fitting EGARCH(1,1)  -- Student-t distribution
-----------------------------------------------------------------

-----------------------------------------------------------------
  DISTRIBUTION COMPARISON  (EGARCH Normal vs Student-t)
-----------------------------------------------------------------
  Metric              Normal     Student-t      Winner
  --------------------------------------------------
  AIC                7350.62       7147.50   Student-t
  BIC                7380.46       7183.32   Student-t
  Log-Lik           -3670.31      -3567.75   Student-t

  Best EGARCH distribution: Student-t  (lower AIC wins)

-----------------------------------------------------------------
  EGARCH (Student-t) -- Fitted Parameters
-----------------------------------------------------------------
  Param                 Value     t-stat    p-value  Meaning
  ----------------------------------------------------------------------
  omega             -0.007578     -1.369     0.1709  constant in log(sigma^2) equation 
  alpha[1]           0.188075      7.349     0.0000  symmetric shock magnitude (|z| term) ***
  gamma[1]          -0.179229    -10.911     0.0000  LEVERAGE EFFECT  (sign of shock)  *** KEY *** ***
  beta[1]            0.968298    149.091     0.0000  log-variance persistence ***
  nu                 5.890584      8.958     0.0000  Student-t degrees of freedom  (< 30 -> fat tails) ***

=================================================================
  LEVERAGE EFFECT DIAGNOSTIC  (gamma parameter)
=================================================================
  gamma (gamma[1]) = -0.179229
  95% CI           = [-0.211423,  -0.147035]
  p-value          = 0.000000

  CONFIRMED: LEVERAGE EFFECT PRESENT IN SPY:
      gamma = -0.1792  (negative AND significant at 5%)

  Economic interpretation:
    A 1-sigma NEGATIVE shock (price DROP) changes ln(sigma^2) by:
      alpha*(|z|-E|z|) + gamma*(-1)  =  alpha*(1-E|z|) - gamma
    A 1-sigma POSITIVE shock (price RISE) changes ln(sigma^2) by:
      alpha*(|z|-E|z|) + gamma*(+1)  =  alpha*(1-E|z|) + gamma
    Difference = -2*gamma = +0.3585 log-variance units per sigma shock

    Translation: When SPY falls by 1-sigma, the vol process
    spikes by 0.3585 extra log-variance units vs a same-
    sized rise. This is the 'fear asymmetry' that vanilla GARCH misses.
=================================================================

-----------------------------------------------------------------
  1-DAY-AHEAD VOLATILITY FORECAST
-----------------------------------------------------------------

  Model              Daily Vol  Ann. Vol (x sqrt252)
  --------------------------------------------------
  GARCH(1,1)          0.8774%               13.93%
  EGARCH(1,1)         0.9820%               15.59%

  EGARCH - GARCH = +0.1045%/day  (higher vol from EGARCH)

  Next trading-day vol estimate:
      GARCH  : +/-0.877%/day  (13.9% annualised)
      EGARCH : +/-0.982%/day  (15.6% annualised)

-----------------------------------------------------------------
  OUT-OF-SAMPLE EVALUATION  (last 6 months = test set)
-----------------------------------------------------------------

  Train: 2015-01-05 -> 2026-01-02  (2,766 obs)
  Test : 2026-01-05  -> 2026-07-02   (124 obs)

  Fitting GARCH on training set ... done.
  Fitting EGARCH on training set ... done.
  Generating GARCH OOS forecasts ... done.
  Generating EGARCH OOS forecasts ... done.

  Metric                                 GARCH      EGARCH      Winner
  --------------------------------------------------------------------
  RMSE (vol,  % / day)                0.538300    0.564020       GARCH
  RMSE (var,  (%^2) / day)            1.121750    1.189719       GARCH

  GARCH wins by 4.56% lower vol RMSE
  This test period may have been dominated by symmetric shocks.

  Plot saved -> egarch_vs_garch.png

=================================================================
  FINAL SUMMARY
=================================================================
  Sample        : 2015-01-02 -> 2026-07-02
  Observations  : 2,890
  GARCH  AIC    : 7466.97
  EGARCH AIC    : 7147.50  (better fit than GARCH)
  Next-day vol  : GARCH 0.877% | EGARCH 0.982%
  OOS winner    : GARCH  (4.56% lower RMSE)
=================================================================

